student@T41:~$ pwd
/home/student
student@T41:~$ cd ajce
student@T41:~/ajce$ expr 12+8
12+8
student@T41:~/ajce$ `expr 12+8`
12+8: command not found
student@T41:~/ajce$ expr 12 + 8
20
student@T41:~/ajce$ expr 12 /* 2
expr: syntax error
student@T41:~/ajce$ expr 12 / * 2
expr: syntax error
student@T41:~/ajce$ expr 12 \ * 2
expr: syntax error
student@T41:~/ajce$ expr 12 \* 2
24
student@T41:~/ajce$ expr 12 / 2
6
student@T41:~/ajce$ echo enter two number 
enter two number
student@T41:~/ajce$ read x
2
student@T41:~/ajce$ read y
4
student@T41:~/ajce$ sum= `expr $x + $y
> 
> ^C
student@T41:~/ajce$ sum= `expr $x + $y
^C
student@T41:~/ajce$ sum=`expr $x + $y`
student@T41:~/ajce$ echo " sum = $sum"
 sum = 6
student@T41:~/ajce$ read a
11
student@T41:~/ajce$ a=`expr $a+1`
student@T41:~/ajce$ echo a
a
student@T41:~/ajce$ echo $a
11+1
student@T41:~/ajce$ a=`expr $a + 1`
expr: non-integer argument
student@T41:~/ajce$ read a
10
student@T41:~/ajce$ a=`expr $a + 1`
student@T41:~/ajce$ echo $a
11
student@T41:~/ajce$ x = sruthi
x: command not found
student@T41:~/ajce$ x=sruthi
student@T41:~/ajce$ len=`expr length $x`
student@T41:~/ajce$ echo $len
6
student@T41:~/ajce$ x=sruthi
student@T41:~/ajce$ sub=`expr substr $x 2 3`
student@T41:~/ajce$ echo $x
sruthi
student@T41:~/ajce$ echo $sub
rut
student@T41:~/ajce$ expr --version
expr (GNU coreutils) 8.28
Copyright (C) 2017 Free Software Foundation, Inc.
License GPLv3+: GNU GPL version 3 or later <http://gnu.org/licenses/gpl.html>.
This is free software: you are free to change and redistribute it.
There is NO WARRANTY, to the extent permitted by law.

Written by Mike Parker, James Youngman, and Paul Eggert.
student@T41:~/ajce$ expr -- help
\help
student@T41:~/ajce$ expr --help
Usage: expr EXPRESSION
  or:  expr OPTION

      --help     display this help and exit
      --version  output version information and exit

Print the value of EXPRESSION to standard output.  A blank line below
separates increasing precedence groups.  EXPRESSION may be:

  ARG1 | ARG2       ARG1 if it is neither null nor 0, otherwise ARG2

  ARG1 & ARG2       ARG1 if neither argument is null or 0, otherwise 0

  ARG1 < ARG2       ARG1 is less than ARG2
  ARG1 <= ARG2      ARG1 is less than or equal to ARG2
  ARG1 = ARG2       ARG1 is equal to ARG2
  ARG1 != ARG2      ARG1 is unequal to ARG2
  ARG1 >= ARG2      ARG1 is greater than or equal to ARG2
  ARG1 > ARG2       ARG1 is greater than ARG2

  ARG1 + ARG2       arithmetic sum of ARG1 and ARG2
  ARG1 - ARG2       arithmetic difference of ARG1 and ARG2

  ARG1 * ARG2       arithmetic product of ARG1 and ARG2
  ARG1 / ARG2       arithmetic quotient of ARG1 divided by ARG2
  ARG1 % ARG2       arithmetic remainder of ARG1 divided by ARG2

  STRING : REGEXP   anchored pattern match of REGEXP in STRING

  match STRING REGEXP        same as STRING : REGEXP
  substr STRING POS LENGTH   substring of STRING, POS counted from 1
  index STRING CHARS         index in STRING where any CHARS is found, or 0
  length STRING              length of STRING
  + TOKEN                    interpret TOKEN as a string, even if it is a
                               keyword like 'match' or an operator like '/'

  ( EXPRESSION )             value of EXPRESSION

Beware that many operators need to be escaped or quoted for shells.
Comparisons are arithmetic if both ARGs are numbers, else lexicographical.
Pattern matches return the string matched between \( and \) or null; if
\( and \) are not used, they return the number of characters matched or 0.

Exit status is 0 if EXPRESSION is neither null nor 0, 1 if EXPRESSION is null
or 0, 2 if EXPRESSION is syntactically invalid, and 3 if an error occurred.

GNU coreutils online help: <http://www.gnu.org/software/coreutils/>
Full documentation at: <http://www.gnu.org/software/coreutils/expr>
or available locally via: info '(coreutils) expr invocation'
student@T41:~/ajce$ read x
10
student@T41:~/ajce$ read y
20
student@T41:~/ajce$ res=`expr $x + $y`
student@T41:~/ajce$ echo $res
30
student@T41:~/ajce$ res=`expr $x = $y`
student@T41:~/ajce$ echo $res
0
student@T41:~/ajce$ read x
1
student@T41:~/ajce$ read y
1
student@T41:~/ajce$ res=`exp $x = $y`

Command 'exp' not found, but can be installed with:

apt install alliance

student@T41:~/ajce$ res=`expr $x = $y`
student@T41:~/ajce$ echo $res
1
student@T41:~/ajce$ res=`expr $x \< $y`
student@T41:~/ajce$ echo 4res
4res
student@T41:~/ajce$ echo $res
0
student@T41:~/ajce$ res=`expr $x \!= $y`
student@T41:~/ajce$ echo $res
0
student@T41:~/ajce$ read x
read y
student@T41:~/ajce$ 2
2: command not found
student@T41:~/ajce$ read x
2
student@T41:~/ajce$ read y
3
student@T41:~/ajce$ res=`expr $x \!= $y`
student@T41:~/ajce$ echo $res
1
student@T41:~/ajce$ read x
4
student@T41:~/ajce$ read
x
student@T41:~/ajce$ read x
1
student@T41:~/ajce$ read y
5
student@T41:~/ajce$ expr sruthi : thi
0
student@T41:~/ajce$ expr sruthi : sruthis
0
student@T41:~/ajce$ expr ammu : am
2

